 !! Overriding mtp.hyper_connection_mixer.hc_norm.weight from /home/cruzspark/models/flashnext-exl3-sage-4.15bpw/model-00009-of-00009.safetensors with /home/cruzspark/models/flashnext-exl3-sage-4.15bpw/mtp_hyper_connection_mixer_patch.safetensors
 !! Overriding mtp.hyper_connection_mixer.input_mix_weight_down.weight from /home/cruzspark/models/flashnext-exl3-sage-4.15bpw/model-00009-of-00009.safetensors with /home/cruzspark/models/flashnext-exl3-sage-4.15bpw/mtp_hyper_connection_mixer_patch.safetensors
 !! Overriding mtp.hyper_connection_mixer.input_mix_weight_up.weight from /home/cruzspark/models/flashnext-exl3-sage-4.15bpw/model-00009-of-00009.safetensors with /home/cruzspark/models/flashnext-exl3-sage-4.15bpw/mtp_hyper_connection_mixer_patch.safetensors
 !! Replaced 3 tensors from /home/cruzspark/models/flashnext-exl3-sage-4.15bpw
 -- Mixed-K experts in model.language_model.layers.0.mlp: dense per-expert path
 -- Mixed-K fused groups in model.language_model.layers.0.mlp: 10 groups, 491/512 experts fused
 -- Mixed-K UNIFIED kernel enabled in model.language_model.layers.0.mlp: 512 experts, K_up range [4,16]
 -- Mixed-K coop decode kernels in model.language_model.layers.0.mlp: plan 3, variants A [3] B [3]
 -- Mixed-K experts in model.language_model.layers.1.mlp: dense per-expert path
 -- Mixed-K fused groups in model.language_model.layers.1.mlp: 7 groups, 504/512 experts fused
 -- Mixed-K UNIFIED kernel enabled in model.language_model.layers.1.mlp: 512 experts, K_up range [4,16]
 -- Mixed-K coop decode kernels in model.language_model.layers.1.mlp: plan 3, variants A [3] B [3]
 -- Mixed-K experts in model.language_model.layers.2.mlp: dense per-expert path
 -- Mixed-K fused groups in model.language_model.layers.2.mlp: 7 groups, 511/512 experts fused
 -- Mixed-K UNIFIED kernel enabled in model.language_model.layers.2.mlp: 512 experts, K_up range [4,16]
 -- Mixed-K coop decode kernels in model.language_model.layers.2.mlp: plan 3, variants A [3] B [3]
 -- Mixed-K experts in model.language_model.layers.3.mlp: dense per-expert path
 -- Mixed-K fused groups in model.language_model.layers.3.mlp: 7 groups, 509/512 experts fused
 -- Mixed-K UNIFIED kernel enabled in model.language_model.layers.3.mlp: 512 experts, K_up range [4,14]
 -- Mixed-K coop decode kernels in model.language_model.layers.3.mlp: plan 3, variants A [3] B [3]
 -- Mixed-K experts in model.language_model.layers.4.mlp: dense per-expert path
 -- Mixed-K fused groups in model.language_model.layers.4.mlp: 7 groups, 493/512 experts fused
 -- Mixed-K UNIFIED kernel enabled in model.language_model.layers.4.mlp: 512 experts, K_up range [4,14]
 -- Mixed-K coop decode kernels in model.language_model.layers.4.mlp: plan 3, variants A [3] B [3]
 -- Mixed-K experts in model.language_model.layers.5.mlp: dense per-expert path
 -- Mixed-K fused groups in model.language_model.layers.5.mlp: 6 groups, 508/512 experts fused
 -- Mixed-K UNIFIED kernel enabled in model.language_model.layers.5.mlp: 512 experts, K_up range [4,16]
 -- Mixed-K coop decode kernels in model.language_model.layers.5.mlp: plan 3, variants A [3] B [3]
 -- Mixed-K experts in model.language_model.layers.6.mlp: dense per-expert path
 -- Mixed-K fused groups in model.language_model.layers.6.mlp: 4 groups, 503/512 experts fused
 -- Mixed-K UNIFIED kernel enabled in model.language_model.layers.6.mlp: 512 experts, K_up range [4,12]
 -- Mixed-K coop decode kernels in model.language_model.layers.6.mlp: plan 3, variants A [3] B [3]
 -- Mixed-K experts in model.language_model.layers.7.mlp: dense per-expert path
 -- Mixed-K fused groups in model.language_model.layers.7.mlp: 6 groups, 504/512 experts fused
 -- Mixed-K UNIFIED kernel enabled in model.language_model.layers.7.mlp: 512 experts, K_up range [4,14]
 -- Mixed-K coop decode kernels in model.language_model.layers.7.mlp: plan 3, variants A [3] B [3]
 -- Mixed-K experts in model.language_model.layers.8.mlp: dense per-expert path
 -- Mixed-K fused groups in model.language_model.layers.8.mlp: 6 groups, 509/512 experts fused
 -- Mixed-K UNIFIED kernel enabled in model.language_model.layers.8.mlp: 512 experts, K_up range [4,14]
 -- Mixed-K coop decode kernels in model.language_model.layers.8.mlp: plan 3, variants A [3] B [3]
 -- Mixed-K experts in model.language_model.layers.9.mlp: dense per-expert path
 -- Mixed-K fused groups in model.language_model.layers.9.mlp: 5 groups, 507/512 experts fused
 -- Mixed-K UNIFIED kernel enabled in model.language_model.layers.9.mlp: 512 experts, K_up range [4,16]
 -- Mixed-K coop decode kernels in model.language_model.layers.9.mlp: plan 3, variants A [3] B [3]
 -- Mixed-K experts in model.language_model.layers.10.mlp: dense per-expert path
 -- Mixed-K fused groups in model.language_model.layers.10.mlp: 5 groups, 510/512 experts fused
 -- Mixed-K UNIFIED kernel enabled in model.language_model.layers.10.mlp: 512 experts, K_up range [4,14]
 -- Mixed-K coop decode kernels in model.language_model.layers.10.mlp: plan 3, variants A [3] B [3]
 -- Mixed-K experts in model.language_model.layers.11.mlp: dense per-expert path
 -- Mixed-K fused groups in model.language_model.layers.11.mlp: 6 groups, 508/512 experts fused
 -- Mixed-K UNIFIED kernel enabled in model.language_model.layers.11.mlp: 512 experts, K_up range [4,16]
 -- Mixed-K coop decode kernels in model.language_model.layers.11.mlp: plan 3, variants A [3] B [3]
 -- Mixed-K experts in model.language_model.layers.12.mlp: dense per-expert path
 -- Mixed-K fused groups in model.language_model.layers.12.mlp: 7 groups, 512/512 experts fused
 -- Mixed-K UNIFIED kernel enabled in model.language_model.layers.12.mlp: 512 experts, K_up range [4,14]
 -- Mixed-K coop decode kernels in model.language_model.layers.12.mlp: plan 3, variants A [3] B [3]
 -- Mixed-K experts in model.language_model.layers.13.mlp: dense per-expert path
 -- Mixed-K fused groups in model.language_model.layers.13.mlp: 6 groups, 511/512 experts fused
 -- Mixed-K UNIFIED kernel enabled in model.language_model.layers.13.mlp: 512 experts, K_up range [4,14]
 -- Mixed-K coop decode kernels in model.language_model.layers.13.mlp: plan 3, variants A [3] B [3]
 -- Mixed-K experts in model.language_model.layers.14.mlp: dense per-expert path
 -- Mixed-K fused groups in model.language_model.layers.14.mlp: 5 groups, 507/512 experts fused
 -- Mixed-K UNIFIED kernel enabled in model.language_model.layers.14.mlp: 512 experts, K_up range [4,12]
 -- Mixed-K coop decode kernels in model.language_model.layers.14.mlp: plan 3, variants A [3] B [3]
 -- Mixed-K experts in model.language_model.layers.15.mlp: dense per-expert path
 -- Mixed-K fused groups in model.language_model.layers.15.mlp: 5 groups, 507/512 experts fused
 -- Mixed-K UNIFIED kernel enabled in model.language_model.layers.15.mlp: 512 experts, K_up range [4,4]
 -- Mixed-K coop decode kernels in model.language_model.layers.15.mlp: plan 3, variants A [3] B [3]
 -- Mixed-K experts in model.language_model.layers.16.mlp: dense per-expert path
 -- Mixed-K fused groups in model.language_model.layers.16.mlp: 4 groups, 504/512 experts fused
 -- Mixed-K UNIFIED kernel enabled in model.language_model.layers.16.mlp: 512 experts, K_up range [4,10]
 -- Mixed-K coop decode kernels in model.language_model.layers.16.mlp: plan 3, variants A [3] B [3]
 -- Mixed-K experts in model.language_model.layers.17.mlp: dense per-expert path
 -- Mixed-K fused groups in model.language_model.layers.17.mlp: 4 groups, 508/512 experts fused
 -- Mixed-K UNIFIED kernel enabled in model.language_model.layers.17.mlp: 512 experts, K_up range [4,12]
 -- Mixed-K coop decode kernels in model.language_model.layers.17.mlp: plan 3, variants A [3] B [3]
 -- Mixed-K experts in model.language_model.layers.18.mlp: dense per-expert path
 -- Mixed-K fused groups in model.language_model.layers.18.mlp: 5 groups, 501/512 experts fused
 -- Mixed-K UNIFIED kernel enabled in model.language_model.layers.18.mlp: 512 experts, K_up range [4,12]
 -- Mixed-K coop decode kernels in model.language_model.layers.18.mlp: plan 3, variants A [3] B [3]
 -- Mixed-K experts in model.language_model.layers.19.mlp: dense per-expert path
 -- Mixed-K fused groups in model.language_model.layers.19.mlp: 5 groups, 508/512 experts fused
 -- Mixed-K UNIFIED kernel enabled in model.language_model.layers.19.mlp: 512 experts, K_up range [4,10]
 -- Mixed-K coop decode kernels in model.language_model.layers.19.mlp: plan 3, variants A [3] B [3]
 -- Mixed-K experts in model.language_model.layers.20.mlp: dense per-expert path
 -- Mixed-K fused groups in model.language_model.layers.20.mlp: 6 groups, 507/512 experts fused
 -- Mixed-K UNIFIED kernel enabled in model.language_model.layers.20.mlp: 512 experts, K_up range [4,6]
 -- Mixed-K coop decode kernels in model.language_model.layers.20.mlp: plan 3, variants A [3] B [3]
 -- Mixed-K experts in model.language_model.layers.21.mlp: dense per-expert path
 -- Mixed-K fused groups in model.language_model.layers.21.mlp: 7 groups, 508/512 experts fused
 -- Mixed-K UNIFIED kernel enabled in model.language_model.layers.21.mlp: 512 experts, K_up range [4,6]
 -- Mixed-K coop decode kernels in model.language_model.layers.21.mlp: plan 3, variants A [3] B [3]
 -- Mixed-K experts in model.language_model.layers.22.mlp: dense per-expert path
 -- Mixed-K fused groups in model.language_model.layers.22.mlp: 4 groups, 508/512 experts fused
 -- Mixed-K UNIFIED kernel enabled in model.language_model.layers.22.mlp: 512 experts, K_up range [4,4]
 -- Mixed-K coop decode kernels in model.language_model.layers.22.mlp: plan 3, variants A [3] B [3]
 -- Mixed-K experts in model.language_model.layers.23.mlp: dense per-expert path
 -- Mixed-K fused groups in model.language_model.layers.23.mlp: 5 groups, 509/512 experts fused
 -- Mixed-K UNIFIED kernel enabled in model.language_model.layers.23.mlp: 512 experts, K_up range [4,4]
 -- Mixed-K coop decode kernels in model.language_model.layers.23.mlp: plan 3, variants A [3] B [3]
 -- Mixed-K experts in model.language_model.layers.24.mlp: dense per-expert path
 -- Mixed-K fused groups in model.language_model.layers.24.mlp: 3 groups, 504/512 experts fused
 -- Mixed-K UNIFIED kernel enabled in model.language_model.layers.24.mlp: 512 experts, K_up range [4,10]
 -- Mixed-K coop decode kernels in model.language_model.layers.24.mlp: plan 3, variants A [3] B [3]
 -- Mixed-K experts in model.language_model.layers.25.mlp: dense per-expert path
 -- Mixed-K fused groups in model.language_model.layers.25.mlp: 4 groups, 504/512 experts fused
 -- Mixed-K UNIFIED kernel enabled in model.language_model.layers.25.mlp: 512 experts, K_up range [4,10]
 -- Mixed-K coop decode kernels in model.language_model.layers.25.mlp: plan 3, variants A [3] B [3]
 -- Mixed-K experts in model.language_model.layers.26.mlp: dense per-expert path
 -- Mixed-K fused groups in model.language_model.layers.26.mlp: 5 groups, 502/512 experts fused
 -- Mixed-K UNIFIED kernel enabled in model.language_model.layers.26.mlp: 512 experts, K_up range [4,12]
 -- Mixed-K coop decode kernels in model.language_model.layers.26.mlp: plan 3, variants A [3] B [3]
 -- Mixed-K experts in model.language_model.layers.27.mlp: dense per-expert path
 -- Mixed-K fused groups in model.language_model.layers.27.mlp: 6 groups, 509/512 experts fused
 -- Mixed-K UNIFIED kernel enabled in model.language_model.layers.27.mlp: 512 experts, K_up range [4,10]
 -- Mixed-K coop decode kernels in model.language_model.layers.27.mlp: plan 3, variants A [3] B [3]
 -- Mixed-K experts in model.language_model.layers.28.mlp: dense per-expert path
 -- Mixed-K fused groups in model.language_model.layers.28.mlp: 3 groups, 498/512 experts fused
 -- Mixed-K UNIFIED kernel enabled in model.language_model.layers.28.mlp: 512 experts, K_up range [4,10]
 -- Mixed-K coop decode kernels in model.language_model.layers.28.mlp: plan 3, variants A [3] B [3]
 -- Mixed-K experts in model.language_model.layers.29.mlp: dense per-expert path
 -- Mixed-K fused groups in model.language_model.layers.29.mlp: 3 groups, 500/512 experts fused
 -- Mixed-K UNIFIED kernel enabled in model.language_model.layers.29.mlp: 512 experts, K_up range [4,8]
 -- Mixed-K coop decode kernels in model.language_model.layers.29.mlp: plan 3, variants A [3] B [3]
 -- Mixed-K experts in model.language_model.layers.30.mlp: dense per-expert path
 -- Mixed-K fused groups in model.language_model.layers.30.mlp: 7 groups, 509/512 experts fused
 -- Mixed-K UNIFIED kernel enabled in model.language_model.layers.30.mlp: 512 experts, K_up range [4,6]
 -- Mixed-K coop decode kernels in model.language_model.layers.30.mlp: plan 3, variants A [3] B [3]
 -- Mixed-K experts in model.language_model.layers.31.mlp: dense per-expert path
 -- Mixed-K fused groups in model.language_model.layers.31.mlp: 7 groups, 512/512 experts fused
 -- Mixed-K UNIFIED kernel enabled in model.language_model.layers.31.mlp: 512 experts, K_up range [4,4]
 -- Mixed-K coop decode kernels in model.language_model.layers.31.mlp: plan 3, variants A [3] B [3]
 -- Mixed-K experts in model.language_model.layers.32.mlp: dense per-expert path
 -- Mixed-K fused groups in model.language_model.layers.32.mlp: 7 groups, 512/512 experts fused
 -- Mixed-K UNIFIED kernel enabled in model.language_model.layers.32.mlp: 512 experts, K_up range [4,4]
 -- Mixed-K coop decode kernels in model.language_model.layers.32.mlp: plan 3, variants A [3] B [3]
 -- Mixed-K experts in model.language_model.layers.33.mlp: dense per-expert path
 -- Mixed-K fused groups in model.language_model.layers.33.mlp: 7 groups, 512/512 experts fused
 -- Mixed-K UNIFIED kernel enabled in model.language_model.layers.33.mlp: 512 experts, K_up range [4,4]
 -- Mixed-K coop decode kernels in model.language_model.layers.33.mlp: plan 3, variants A [3] B [3]
 -- Mixed-K experts in model.language_model.layers.34.mlp: dense per-expert path
 -- Mixed-K fused groups in model.language_model.layers.34.mlp: 7 groups, 511/512 experts fused
 -- Mixed-K UNIFIED kernel enabled in model.language_model.layers.34.mlp: 512 experts, K_up range [4,6]
 -- Mixed-K coop decode kernels in model.language_model.layers.34.mlp: plan 3, variants A [3] B [3]
 -- Mixed-K experts in model.language_model.layers.35.mlp: dense per-expert path
 -- Mixed-K fused groups in model.language_model.layers.35.mlp: 7 groups, 512/512 experts fused
 -- Mixed-K UNIFIED kernel enabled in model.language_model.layers.35.mlp: 512 experts, K_up range [4,4]
 -- Mixed-K coop decode kernels in model.language_model.layers.35.mlp: plan 3, variants A [3] B [3]
 -- Mixed-K experts in model.language_model.layers.36.mlp: dense per-expert path
 -- Mixed-K fused groups in model.language_model.layers.36.mlp: 5 groups, 507/512 experts fused
 -- Mixed-K UNIFIED kernel enabled in model.language_model.layers.36.mlp: 512 experts, K_up range [4,4]
 -- Mixed-K coop decode kernels in model.language_model.layers.36.mlp: plan 3, variants A [3] B [3]
 -- Mixed-K experts in model.language_model.layers.37.mlp: dense per-expert path
 -- Mixed-K fused groups in model.language_model.layers.37.mlp: 7 groups, 512/512 experts fused
 -- Mixed-K UNIFIED kernel enabled in model.language_model.layers.37.mlp: 512 experts, K_up range [4,4]
 -- Mixed-K coop decode kernels in model.language_model.layers.37.mlp: plan 3, variants A [3] B [3]
 -- Mixed-K experts in model.language_model.layers.38.mlp: dense per-expert path
 -- Mixed-K fused groups in model.language_model.layers.38.mlp: 7 groups, 512/512 experts fused
 -- Mixed-K UNIFIED kernel enabled in model.language_model.layers.38.mlp: 512 experts, K_up range [4,4]
 -- Mixed-K coop decode kernels in model.language_model.layers.38.mlp: plan 3, variants A [3] B [3]
 -- Mixed-K experts in model.language_model.layers.39.mlp: dense per-expert path
 -- Mixed-K fused groups in model.language_model.layers.39.mlp: 3 groups, 509/512 experts fused
 -- Mixed-K UNIFIED kernel enabled in model.language_model.layers.39.mlp: 512 experts, K_up range [4,4]
 -- Mixed-K coop decode kernels in model.language_model.layers.39.mlp: plan 3, variants A [3] B [3]
 -- Mixed-K experts in model.language_model.layers.40.mlp: dense per-expert path
 -- Mixed-K fused groups in model.language_model.layers.40.mlp: 5 groups, 507/512 experts fused
 -- Mixed-K UNIFIED kernel enabled in model.language_model.layers.40.mlp: 512 experts, K_up range [4,4]
 -- Mixed-K coop decode kernels in model.language_model.layers.40.mlp: plan 3, variants A [3] B [3]
 -- Mixed-K experts in model.language_model.layers.41.mlp: dense per-expert path
 -- Mixed-K fused groups in model.language_model.layers.41.mlp: 5 groups, 508/512 experts fused
 -- Mixed-K UNIFIED kernel enabled in model.language_model.layers.41.mlp: 512 experts, K_up range [4,4]
 -- Mixed-K coop decode kernels in model.language_model.layers.41.mlp: plan 3, variants A [3] B [3]
 -- Mixed-K experts in model.language_model.layers.42.mlp: dense per-expert path
 -- Mixed-K fused groups in model.language_model.layers.42.mlp: 4 groups, 509/512 experts fused
 -- Mixed-K UNIFIED kernel enabled in model.language_model.layers.42.mlp: 512 experts, K_up range [4,4]
 -- Mixed-K coop decode kernels in model.language_model.layers.42.mlp: plan 3, variants A [3] B [3]
 -- Mixed-K experts in model.language_model.layers.43.mlp: dense per-expert path
 -- Mixed-K fused groups in model.language_model.layers.43.mlp: 7 groups, 512/512 experts fused
 -- Mixed-K UNIFIED kernel enabled in model.language_model.layers.43.mlp: 512 experts, K_up range [4,4]
 -- Mixed-K coop decode kernels in model.language_model.layers.43.mlp: plan 3, variants A [3] B [3]
 -- Mixed-K experts in model.language_model.layers.44.mlp: dense per-expert path
 -- Mixed-K fused groups in model.language_model.layers.44.mlp: 3 groups, 510/512 experts fused
 -- Mixed-K UNIFIED kernel enabled in model.language_model.layers.44.mlp: 512 experts, K_up range [4,4]
 -- Mixed-K coop decode kernels in model.language_model.layers.44.mlp: plan 3, variants A [3] B [3]
 -- Mixed-K experts in model.language_model.layers.45.mlp: dense per-expert path
 -- Mixed-K fused groups in model.language_model.layers.45.mlp: 3 groups, 511/512 experts fused
 -- Mixed-K UNIFIED kernel enabled in model.language_model.layers.45.mlp: 512 experts, K_up range [4,4]
 -- Mixed-K coop decode kernels in model.language_model.layers.45.mlp: plan 3, variants A [3] B [3]
 -- Mixed-K experts in model.language_model.layers.46.mlp: dense per-expert path
 -- Mixed-K fused groups in model.language_model.layers.46.mlp: 3 groups, 512/512 experts fused
 -- Mixed-K UNIFIED kernel enabled in model.language_model.layers.46.mlp: 512 experts, K_up range [4,4]
 -- Mixed-K coop decode kernels in model.language_model.layers.46.mlp: plan 3, variants A [3] B [3]
 -- Mixed-K experts in model.language_model.layers.47.mlp: dense per-expert path
 -- Mixed-K fused groups in model.language_model.layers.47.mlp: 1 groups, 510/512 experts fused
 -- Mixed-K UNIFIED kernel enabled in model.language_model.layers.47.mlp: 512 experts, K_up range [4,4]
 -- Mixed-K coop decode kernels in model.language_model.layers.47.mlp: plan 3, variants A [3] B [3]

{"probe": "code.b1.p255.q1", "metrics": {"positions": 48, "mean_kl_reference_to_candidate": 0.0028300199192017317, "p95_kl": 0.001221130252815783, "max_kl": 0.12303046882152557, "reference_nll": 0.03463007137179375, "candidate_nll": 0.04970160499215126, "nll_increase": 0.015071538276970387, "reference_perplexity": 1.0352366742734902, "candidate_perplexity": 1.0509574491266838, "top1_agreement": 1.0, "reference_next_token_accuracy": 0.9791666865348816, "candidate_next_token_accuracy": 0.9791666865348816, "high_confidence_positions": 47, "high_confidence_top1_agreement": 1.0, "max_absolute_logit_difference": 4.6640625}, "threshold_errors": []}
{"probe": "code.b1.p255.q6", "metrics": {"positions": 48, "mean_kl_reference_to_candidate": 0.003202567808330059, "p95_kl": 0.001074031344614923, "max_kl": 0.14246335625648499, "reference_nll": 0.03463007137179375, "candidate_nll": 0.052083760499954224, "nll_increase": 0.017453694716095924, "reference_perplexity": 1.0352366742734902, "candidate_perplexity": 1.0534639774874486, "top1_agreement": 1.0, "reference_next_token_accuracy": 0.9791666865348816, "candidate_next_token_accuracy": 0.9791666865348816, "high_confidence_positions": 47, "high_confidence_top1_agreement": 1.0, "max_absolute_logit_difference": 5.7783203125}, "threshold_errors": []}
{"probe": "code.b1.p1023.q1", "metrics": {"positions": 48, "mean_kl_reference_to_candidate": 0.04730208218097687, "p95_kl": 0.14936137199401855, "max_kl": 1.5790634155273438, "reference_nll": 0.07253851741552353, "candidate_nll": 0.0965825691819191, "nll_increase": 0.024044064804911613, "reference_perplexity": 1.0752342205358187, "candidate_perplexity": 1.1014005191292349, "top1_agreement": 0.9583333134651184, "reference_next_token_accuracy": 0.9791666865348816, "candidate_next_token_accuracy": 0.9583333134651184, "high_confidence_positions": 44, "high_confidence_top1_agreement": 1.0, "max_absolute_logit_difference": 8.041015625}, "threshold_errors": []}
{"probe": "code.b1.p1023.q6", "metrics": {"positions": 48, "mean_kl_reference_to_candidate": 0.052059710025787354, "p95_kl": 0.17340756952762604, "max_kl": 1.3187748193740845, "reference_nll": 0.07253851741552353, "candidate_nll": 0.1200728788971901, "nll_increase": 0.04753437265753746, "reference_perplexity": 1.0752342205358187, "candidate_perplexity": 1.1275790253008329, "top1_agreement": 0.9583333134651184, "reference_next_token_accuracy": 0.9791666865348816, "candidate_next_token_accuracy": 0.9375, "high_confidence_positions": 44, "high_confidence_top1_agreement": 1.0, "max_absolute_logit_difference": 8.310546875}, "threshold_errors": []}
{"probe": "tools.b1.p255.q1", "metrics": {"positions": 48, "mean_kl_reference_to_candidate": 0.019978834316134453, "p95_kl": 0.10168388485908508, "max_kl": 0.4386133551597595, "reference_nll": 0.12885792553424835, "candidate_nll": 0.10511849075555801, "nll_increase": -0.02373943291604519, "reference_perplexity": 1.1375284989308312, "candidate_perplexity": 1.110842227092662, "top1_agreement": 0.9583333134651184, "reference_next_token_accuracy": 0.9791666865348816, "candidate_next_token_accuracy": 0.9791666865348816, "high_confidence_positions": 43, "high_confidence_top1_agreement": 1.0, "max_absolute_logit_difference": 5.6005859375}, "threshold_errors": []}
{"probe": "tools.b1.p255.q6", "metrics": {"positions": 48, "mean_kl_reference_to_candidate": 0.014691521413624287, "p95_kl": 0.12498056888580322, "max_kl": 0.2242976427078247, "reference_nll": 0.12885792553424835, "candidate_nll": 0.07959619164466858, "nll_increase": -0.049261730164289474, "reference_perplexity": 1.1375284989308312, "candidate_perplexity": 1.08284971561496, "top1_agreement": 1.0, "reference_next_token_accuracy": 0.9791666865348816, "candidate_next_token_accuracy": 0.9791666865348816, "high_confidence_positions": 43, "high_confidence_top1_agreement": 1.0, "max_absolute_logit_difference": 5.37451171875}, "threshold_errors": []}
{"probe": "tools.b1.p1023.q1", "metrics": {"positions": 48, "mean_kl_reference_to_candidate": 0.30433961749076843, "p95_kl": 2.111398220062256, "max_kl": 2.955550193786621, "reference_nll": 0.602598249912262, "candidate_nll": 0.5495995879173279, "nll_increase": -0.052998680621385574, "reference_perplexity": 1.8268592762073181, "candidate_perplexity": 1.7325591413442558, "top1_agreement": 0.8958333134651184, "reference_next_token_accuracy": 0.8958333134651184, "candidate_next_token_accuracy": 0.8958333134651184, "high_confidence_positions": 40, "high_confidence_top1_agreement": 0.9750000238418579, "max_absolute_logit_difference": 12.0546875}, "threshold_errors": []}
{"probe": "tools.b1.p1023.q6", "metrics": {"positions": 48, "mean_kl_reference_to_candidate": 0.2852639853954315, "p95_kl": 2.016078233718872, "max_kl": 3.0882091522216797, "reference_nll": 0.602598249912262, "candidate_nll": 0.46627721190452576, "nll_increase": -0.13632111251354218, "reference_perplexity": 1.8268592762073181, "candidate_perplexity": 1.5940488274170106, "top1_agreement": 0.8958333134651184, "reference_next_token_accuracy": 0.8958333134651184, "candidate_next_token_accuracy": 0.9166666865348816, "high_confidence_positions": 40, "high_confidence_top1_agreement": 1.0, "max_absolute_logit_difference": 10.37109375}, "threshold_errors": []}
{"probe": "multilingual.b1.p255.q1", "metrics": {"positions": 48, "mean_kl_reference_to_candidate": 0.003550036810338497, "p95_kl": 0.01943054050207138, "max_kl": 0.07278770208358765, "reference_nll": 0.06323602050542831, "candidate_nll": 0.06033286824822426, "nll_increase": -0.002903142711147666, "reference_perplexity": 1.0652782370705511, "candidate_perplexity": 1.0621900570494556, "top1_agreement": 1.0, "reference_next_token_accuracy": 0.9791666865348816, "candidate_next_token_accuracy": 0.9791666865348816, "high_confidence_positions": 47, "high_confidence_top1_agreement": 1.0, "max_absolute_logit_difference": 7.29864501953125}, "threshold_errors": []}
{"probe": "multilingual.b1.p255.q6", "metrics": {"positions": 48, "mean_kl_reference_to_candidate": 0.00613359035924077, "p95_kl": 0.020411189645528793, "max_kl": 0.19671683013439178, "reference_nll": 0.06323602050542831, "candidate_nll": 0.05830405652523041, "nll_increase": -0.004931958392262459, "reference_perplexity": 1.0652782370705511, "candidate_perplexity": 1.060037257960105, "top1_agreement": 1.0, "reference_next_token_accuracy": 0.9791666865348816, "candidate_next_token_accuracy": 0.9791666865348816, "high_confidence_positions": 47, "high_confidence_top1_agreement": 1.0, "max_absolute_logit_difference": 7.76348876953125}, "threshold_errors": []}
{"probe": "multilingual.b1.p1023.q1", "metrics": {"positions": 48, "mean_kl_reference_to_candidate": 0.2509559690952301, "p95_kl": 1.5423871278762817, "max_kl": 4.188915729522705, "reference_nll": 0.39940938353538513, "candidate_nll": 0.34834814071655273, "nll_increase": -0.051061179488897324, "reference_perplexity": 1.4909438615562765, "candidate_perplexity": 1.416725383685275, "top1_agreement": 0.8958333134651184, "reference_next_token_accuracy": 0.8958333134651184, "candidate_next_token_accuracy": 0.8958333134651184, "high_confidence_positions": 42, "high_confidence_top1_agreement": 0.9523809552192688, "max_absolute_logit_difference": 10.0771484375}, "threshold_errors": []}
{"probe": "multilingual.b1.p1023.q6", "metrics": {"positions": 48, "mean_kl_reference_to_candidate": 0.2605365812778473, "p95_kl": 1.0418895483016968, "max_kl": 3.857560873031616, "reference_nll": 0.39940938353538513, "candidate_nll": 0.4176730215549469, "nll_increase": 0.018263667821884155, "reference_perplexity": 1.4909438615562765, "candidate_perplexity": 1.5184241012707442, "top1_agreement": 0.8958333134651184, "reference_next_token_accuracy": 0.8958333134651184, "candidate_next_token_accuracy": 0.8958333134651184, "high_confidence_positions": 42, "high_confidence_top1_agreement": 0.9523809552192688, "max_absolute_logit_difference": 10.0947265625}, "threshold_errors": []}
{"output": "results/quality-candidate-415.json", "cases": 12, "threshold_checks_configured": false, "threshold_checks_passed": true}
