 !! Overriding mtp.hyper_connection_mixer.hc_norm.weight from /home/cruzspark/models/flashnext-exl3-sage-4.15bpw/model-00009-of-00009.safetensors with /home/cruzspark/models/flashnext-exl3-sage-4.15bpw/mtp_hyper_connection_mixer_patch.safetensors
 !! Overriding mtp.hyper_connection_mixer.input_mix_weight_down.weight from /home/cruzspark/models/flashnext-exl3-sage-4.15bpw/model-00009-of-00009.safetensors with /home/cruzspark/models/flashnext-exl3-sage-4.15bpw/mtp_hyper_connection_mixer_patch.safetensors
 !! Overriding mtp.hyper_connection_mixer.input_mix_weight_up.weight from /home/cruzspark/models/flashnext-exl3-sage-4.15bpw/model-00009-of-00009.safetensors with /home/cruzspark/models/flashnext-exl3-sage-4.15bpw/mtp_hyper_connection_mixer_patch.safetensors
 !! Replaced 3 tensors from /home/cruzspark/models/flashnext-exl3-sage-4.15bpw
 -- Mixed-K experts in model.language_model.layers.0.mlp: dense per-expert path
 -- Mixed-K fused groups in model.language_model.layers.0.mlp: 10 groups, 491/512 experts fused
 -- Mixed-K UNIFIED kernel enabled in model.language_model.layers.0.mlp: 512 experts, K_up range [4,16]
 -- Mixed-K experts in model.language_model.layers.1.mlp: dense per-expert path
 -- Mixed-K fused groups in model.language_model.layers.1.mlp: 7 groups, 504/512 experts fused
 -- Mixed-K UNIFIED kernel enabled in model.language_model.layers.1.mlp: 512 experts, K_up range [4,16]
 -- Mixed-K experts in model.language_model.layers.2.mlp: dense per-expert path
 -- Mixed-K fused groups in model.language_model.layers.2.mlp: 7 groups, 511/512 experts fused
 -- Mixed-K UNIFIED kernel enabled in model.language_model.layers.2.mlp: 512 experts, K_up range [4,16]
 -- Mixed-K experts in model.language_model.layers.3.mlp: dense per-expert path
 -- Mixed-K fused groups in model.language_model.layers.3.mlp: 7 groups, 509/512 experts fused
 -- Mixed-K UNIFIED kernel enabled in model.language_model.layers.3.mlp: 512 experts, K_up range [4,14]
 -- Mixed-K experts in model.language_model.layers.4.mlp: dense per-expert path
 -- Mixed-K fused groups in model.language_model.layers.4.mlp: 7 groups, 493/512 experts fused
 -- Mixed-K UNIFIED kernel enabled in model.language_model.layers.4.mlp: 512 experts, K_up range [4,14]
 -- Mixed-K experts in model.language_model.layers.5.mlp: dense per-expert path
 -- Mixed-K fused groups in model.language_model.layers.5.mlp: 6 groups, 508/512 experts fused
 -- Mixed-K UNIFIED kernel enabled in model.language_model.layers.5.mlp: 512 experts, K_up range [4,16]
 -- Mixed-K experts in model.language_model.layers.6.mlp: dense per-expert path
 -- Mixed-K fused groups in model.language_model.layers.6.mlp: 4 groups, 503/512 experts fused
 -- Mixed-K UNIFIED kernel enabled in model.language_model.layers.6.mlp: 512 experts, K_up range [4,12]
 -- Mixed-K experts in model.language_model.layers.7.mlp: dense per-expert path
 -- Mixed-K fused groups in model.language_model.layers.7.mlp: 6 groups, 504/512 experts fused
 -- Mixed-K UNIFIED kernel enabled in model.language_model.layers.7.mlp: 512 experts, K_up range [4,14]
 -- Mixed-K experts in model.language_model.layers.8.mlp: dense per-expert path
 -- Mixed-K fused groups in model.language_model.layers.8.mlp: 6 groups, 509/512 experts fused
 -- Mixed-K UNIFIED kernel enabled in model.language_model.layers.8.mlp: 512 experts, K_up range [4,14]
 -- Mixed-K experts in model.language_model.layers.9.mlp: dense per-expert path
 -- Mixed-K fused groups in model.language_model.layers.9.mlp: 5 groups, 507/512 experts fused
 -- Mixed-K UNIFIED kernel enabled in model.language_model.layers.9.mlp: 512 experts, K_up range [4,16]
 -- Mixed-K experts in model.language_model.layers.10.mlp: dense per-expert path
 -- Mixed-K fused groups in model.language_model.layers.10.mlp: 5 groups, 510/512 experts fused
 -- Mixed-K UNIFIED kernel enabled in model.language_model.layers.10.mlp: 512 experts, K_up range [4,14]
 -- Mixed-K experts in model.language_model.layers.11.mlp: dense per-expert path
 -- Mixed-K fused groups in model.language_model.layers.11.mlp: 6 groups, 508/512 experts fused
 -- Mixed-K UNIFIED kernel enabled in model.language_model.layers.11.mlp: 512 experts, K_up range [4,16]
 -- Mixed-K experts in model.language_model.layers.12.mlp: dense per-expert path
 -- Mixed-K fused groups in model.language_model.layers.12.mlp: 7 groups, 512/512 experts fused
 -- Mixed-K UNIFIED kernel enabled in model.language_model.layers.12.mlp: 512 experts, K_up range [4,14]
 -- Mixed-K experts in model.language_model.layers.13.mlp: dense per-expert path
 -- Mixed-K fused groups in model.language_model.layers.13.mlp: 6 groups, 511/512 experts fused
 -- Mixed-K UNIFIED kernel enabled in model.language_model.layers.13.mlp: 512 experts, K_up range [4,14]
 -- Mixed-K experts in model.language_model.layers.14.mlp: dense per-expert path
 -- Mixed-K fused groups in model.language_model.layers.14.mlp: 5 groups, 507/512 experts fused
 -- Mixed-K UNIFIED kernel enabled in model.language_model.layers.14.mlp: 512 experts, K_up range [4,12]
 -- Mixed-K experts in model.language_model.layers.15.mlp: dense per-expert path
 -- Mixed-K fused groups in model.language_model.layers.15.mlp: 5 groups, 507/512 experts fused
 -- Mixed-K UNIFIED kernel enabled in model.language_model.layers.15.mlp: 512 experts, K_up range [4,4]
 -- Mixed-K experts in model.language_model.layers.16.mlp: dense per-expert path
 -- Mixed-K fused groups in model.language_model.layers.16.mlp: 4 groups, 504/512 experts fused
 -- Mixed-K UNIFIED kernel enabled in model.language_model.layers.16.mlp: 512 experts, K_up range [4,10]
 -- Mixed-K experts in model.language_model.layers.17.mlp: dense per-expert path
 -- Mixed-K fused groups in model.language_model.layers.17.mlp: 4 groups, 508/512 experts fused
 -- Mixed-K UNIFIED kernel enabled in model.language_model.layers.17.mlp: 512 experts, K_up range [4,12]
 -- Mixed-K experts in model.language_model.layers.18.mlp: dense per-expert path
 -- Mixed-K fused groups in model.language_model.layers.18.mlp: 5 groups, 501/512 experts fused
 -- Mixed-K UNIFIED kernel enabled in model.language_model.layers.18.mlp: 512 experts, K_up range [4,12]
 -- Mixed-K experts in model.language_model.layers.19.mlp: dense per-expert path
 -- Mixed-K fused groups in model.language_model.layers.19.mlp: 5 groups, 508/512 experts fused
 -- Mixed-K UNIFIED kernel enabled in model.language_model.layers.19.mlp: 512 experts, K_up range [4,10]
 -- Mixed-K experts in model.language_model.layers.20.mlp: dense per-expert path
 -- Mixed-K fused groups in model.language_model.layers.20.mlp: 6 groups, 507/512 experts fused
 -- Mixed-K UNIFIED kernel enabled in model.language_model.layers.20.mlp: 512 experts, K_up range [4,6]
 -- Mixed-K experts in model.language_model.layers.21.mlp: dense per-expert path
 -- Mixed-K fused groups in model.language_model.layers.21.mlp: 7 groups, 508/512 experts fused
 -- Mixed-K UNIFIED kernel enabled in model.language_model.layers.21.mlp: 512 experts, K_up range [4,6]
 -- Mixed-K experts in model.language_model.layers.22.mlp: dense per-expert path
 -- Mixed-K fused groups in model.language_model.layers.22.mlp: 4 groups, 508/512 experts fused
 -- Mixed-K UNIFIED kernel enabled in model.language_model.layers.22.mlp: 512 experts, K_up range [4,4]
 -- Mixed-K experts in model.language_model.layers.23.mlp: dense per-expert path
 -- Mixed-K fused groups in model.language_model.layers.23.mlp: 5 groups, 509/512 experts fused
 -- Mixed-K UNIFIED kernel enabled in model.language_model.layers.23.mlp: 512 experts, K_up range [4,4]
 -- Mixed-K experts in model.language_model.layers.24.mlp: dense per-expert path
 -- Mixed-K fused groups in model.language_model.layers.24.mlp: 3 groups, 504/512 experts fused
 -- Mixed-K UNIFIED kernel enabled in model.language_model.layers.24.mlp: 512 experts, K_up range [4,10]
 -- Mixed-K experts in model.language_model.layers.25.mlp: dense per-expert path
 -- Mixed-K fused groups in model.language_model.layers.25.mlp: 4 groups, 504/512 experts fused
 -- Mixed-K UNIFIED kernel enabled in model.language_model.layers.25.mlp: 512 experts, K_up range [4,10]
 -- Mixed-K experts in model.language_model.layers.26.mlp: dense per-expert path
 -- Mixed-K fused groups in model.language_model.layers.26.mlp: 5 groups, 502/512 experts fused
 -- Mixed-K UNIFIED kernel enabled in model.language_model.layers.26.mlp: 512 experts, K_up range [4,12]
 -- Mixed-K experts in model.language_model.layers.27.mlp: dense per-expert path
 -- Mixed-K fused groups in model.language_model.layers.27.mlp: 6 groups, 509/512 experts fused
 -- Mixed-K UNIFIED kernel enabled in model.language_model.layers.27.mlp: 512 experts, K_up range [4,10]
 -- Mixed-K experts in model.language_model.layers.28.mlp: dense per-expert path
 -- Mixed-K fused groups in model.language_model.layers.28.mlp: 3 groups, 498/512 experts fused
 -- Mixed-K UNIFIED kernel enabled in model.language_model.layers.28.mlp: 512 experts, K_up range [4,10]
 -- Mixed-K experts in model.language_model.layers.29.mlp: dense per-expert path
 -- Mixed-K fused groups in model.language_model.layers.29.mlp: 3 groups, 500/512 experts fused
 -- Mixed-K UNIFIED kernel enabled in model.language_model.layers.29.mlp: 512 experts, K_up range [4,8]
 -- Mixed-K experts in model.language_model.layers.30.mlp: dense per-expert path
 -- Mixed-K fused groups in model.language_model.layers.30.mlp: 7 groups, 509/512 experts fused
 -- Mixed-K UNIFIED kernel enabled in model.language_model.layers.30.mlp: 512 experts, K_up range [4,6]
 -- Mixed-K experts in model.language_model.layers.31.mlp: dense per-expert path
 -- Mixed-K fused groups in model.language_model.layers.31.mlp: 7 groups, 512/512 experts fused
 -- Mixed-K UNIFIED kernel enabled in model.language_model.layers.31.mlp: 512 experts, K_up range [4,4]
 -- Mixed-K experts in model.language_model.layers.32.mlp: dense per-expert path
 -- Mixed-K fused groups in model.language_model.layers.32.mlp: 7 groups, 512/512 experts fused
 -- Mixed-K UNIFIED kernel enabled in model.language_model.layers.32.mlp: 512 experts, K_up range [4,4]
 -- Mixed-K experts in model.language_model.layers.33.mlp: dense per-expert path
 -- Mixed-K fused groups in model.language_model.layers.33.mlp: 7 groups, 512/512 experts fused
 -- Mixed-K UNIFIED kernel enabled in model.language_model.layers.33.mlp: 512 experts, K_up range [4,4]
 -- Mixed-K experts in model.language_model.layers.34.mlp: dense per-expert path
 -- Mixed-K fused groups in model.language_model.layers.34.mlp: 7 groups, 511/512 experts fused
 -- Mixed-K UNIFIED kernel enabled in model.language_model.layers.34.mlp: 512 experts, K_up range [4,6]
 -- Mixed-K experts in model.language_model.layers.35.mlp: dense per-expert path
 -- Mixed-K fused groups in model.language_model.layers.35.mlp: 7 groups, 512/512 experts fused
 -- Mixed-K UNIFIED kernel enabled in model.language_model.layers.35.mlp: 512 experts, K_up range [4,4]
 -- Mixed-K experts in model.language_model.layers.36.mlp: dense per-expert path
 -- Mixed-K fused groups in model.language_model.layers.36.mlp: 5 groups, 507/512 experts fused
 -- Mixed-K UNIFIED kernel enabled in model.language_model.layers.36.mlp: 512 experts, K_up range [4,4]
 -- Mixed-K experts in model.language_model.layers.37.mlp: dense per-expert path
 -- Mixed-K fused groups in model.language_model.layers.37.mlp: 7 groups, 512/512 experts fused
 -- Mixed-K UNIFIED kernel enabled in model.language_model.layers.37.mlp: 512 experts, K_up range [4,4]
 -- Mixed-K experts in model.language_model.layers.38.mlp: dense per-expert path
 -- Mixed-K fused groups in model.language_model.layers.38.mlp: 7 groups, 512/512 experts fused
 -- Mixed-K UNIFIED kernel enabled in model.language_model.layers.38.mlp: 512 experts, K_up range [4,4]
 -- Mixed-K experts in model.language_model.layers.39.mlp: dense per-expert path
 -- Mixed-K fused groups in model.language_model.layers.39.mlp: 3 groups, 509/512 experts fused
 -- Mixed-K UNIFIED kernel enabled in model.language_model.layers.39.mlp: 512 experts, K_up range [4,4]
 -- Mixed-K experts in model.language_model.layers.40.mlp: dense per-expert path
 -- Mixed-K fused groups in model.language_model.layers.40.mlp: 5 groups, 507/512 experts fused
 -- Mixed-K UNIFIED kernel enabled in model.language_model.layers.40.mlp: 512 experts, K_up range [4,4]
 -- Mixed-K experts in model.language_model.layers.41.mlp: dense per-expert path
 -- Mixed-K fused groups in model.language_model.layers.41.mlp: 5 groups, 508/512 experts fused
 -- Mixed-K UNIFIED kernel enabled in model.language_model.layers.41.mlp: 512 experts, K_up range [4,4]
 -- Mixed-K experts in model.language_model.layers.42.mlp: dense per-expert path
 -- Mixed-K fused groups in model.language_model.layers.42.mlp: 4 groups, 509/512 experts fused
 -- Mixed-K UNIFIED kernel enabled in model.language_model.layers.42.mlp: 512 experts, K_up range [4,4]
 -- Mixed-K experts in model.language_model.layers.43.mlp: dense per-expert path
 -- Mixed-K fused groups in model.language_model.layers.43.mlp: 7 groups, 512/512 experts fused
 -- Mixed-K UNIFIED kernel enabled in model.language_model.layers.43.mlp: 512 experts, K_up range [4,4]
 -- Mixed-K experts in model.language_model.layers.44.mlp: dense per-expert path
 -- Mixed-K fused groups in model.language_model.layers.44.mlp: 3 groups, 510/512 experts fused
 -- Mixed-K UNIFIED kernel enabled in model.language_model.layers.44.mlp: 512 experts, K_up range [4,4]
 -- Mixed-K experts in model.language_model.layers.45.mlp: dense per-expert path
 -- Mixed-K fused groups in model.language_model.layers.45.mlp: 3 groups, 511/512 experts fused
 -- Mixed-K UNIFIED kernel enabled in model.language_model.layers.45.mlp: 512 experts, K_up range [4,4]
 -- Mixed-K experts in model.language_model.layers.46.mlp: dense per-expert path
 -- Mixed-K fused groups in model.language_model.layers.46.mlp: 3 groups, 512/512 experts fused
 -- Mixed-K UNIFIED kernel enabled in model.language_model.layers.46.mlp: 512 experts, K_up range [4,4]
 -- Mixed-K experts in model.language_model.layers.47.mlp: dense per-expert path
 -- Mixed-K fused groups in model.language_model.layers.47.mlp: 1 groups, 510/512 experts fused
 -- Mixed-K UNIFIED kernel enabled in model.language_model.layers.47.mlp: 512 experts, K_up range [4,4]

{"probe": "code.b1.p255.q1", "metrics": {"positions": 48, "mean_kl_reference_to_candidate": 0.00863533467054367, "p95_kl": 0.008595534600317478, "max_kl": 0.3511679768562317, "reference_nll": 0.009076210670173168, "candidate_nll": 0.024536460638046265, "nll_increase": 0.015460249967873096, "reference_perplexity": 1.009117524366247, "candidate_perplexity": 1.0248399567447253, "top1_agreement": 0.9791666865348816, "reference_next_token_accuracy": 1.0, "candidate_next_token_accuracy": 0.9791666865348816, "high_confidence_positions": 48, "high_confidence_top1_agreement": 0.9791666865348816, "max_absolute_logit_difference": 4.654052734375}, "threshold_errors": []}
{"probe": "code.b1.p255.q6", "metrics": {"positions": 48, "mean_kl_reference_to_candidate": 0.012663680128753185, "p95_kl": 0.005240525584667921, "max_kl": 0.5732106566429138, "reference_nll": 0.009076210670173168, "candidate_nll": 0.030127225443720818, "nll_increase": 0.021051013842225075, "reference_perplexity": 1.009117524366247, "candidate_perplexity": 1.0305856423288169, "top1_agreement": 0.9791666865348816, "reference_next_token_accuracy": 1.0, "candidate_next_token_accuracy": 0.9791666865348816, "high_confidence_positions": 48, "high_confidence_top1_agreement": 0.9791666865348816, "max_absolute_logit_difference": 4.80859375}, "threshold_errors": []}
{"probe": "code.b1.p1023.q1", "metrics": {"positions": 48, "mean_kl_reference_to_candidate": 0.04905258119106293, "p95_kl": 0.1228359118103981, "max_kl": 1.5975744724273682, "reference_nll": 0.09127679467201233, "candidate_nll": 0.1052137091755867, "nll_increase": 0.013936921954154968, "reference_perplexity": 1.0955722118445892, "candidate_perplexity": 1.1109480047703386, "top1_agreement": 1.0, "reference_next_token_accuracy": 0.9583333134651184, "candidate_next_token_accuracy": 0.9583333134651184, "high_confidence_positions": 44, "high_confidence_top1_agreement": 1.0, "max_absolute_logit_difference": 8.69287109375}, "threshold_errors": []}
{"probe": "code.b1.p1023.q6", "metrics": {"positions": 48, "mean_kl_reference_to_candidate": 0.05511196330189705, "p95_kl": 0.15203231573104858, "max_kl": 1.6306087970733643, "reference_nll": 0.09127679467201233, "candidate_nll": 0.1165844202041626, "nll_increase": 0.025307631120085716, "reference_perplexity": 1.0955722118445892, "candidate_perplexity": 1.1236523654254071, "top1_agreement": 1.0, "reference_next_token_accuracy": 0.9583333134651184, "candidate_next_token_accuracy": 0.9583333134651184, "high_confidence_positions": 44, "high_confidence_top1_agreement": 1.0, "max_absolute_logit_difference": 9.013671875}, "threshold_errors": []}
{"probe": "tools.b1.p255.q1", "metrics": {"positions": 48, "mean_kl_reference_to_candidate": 0.23234562575817108, "p95_kl": 0.1079917848110199, "max_kl": 10.362905502319336, "reference_nll": 0.1339034140110016, "candidate_nll": 0.04326695203781128, "nll_increase": -0.09063645452260971, "reference_perplexity": 1.143282389251448, "candidate_perplexity": 1.0442166133995785, "top1_agreement": 0.9791666865348816, "reference_next_token_accuracy": 0.9791666865348816, "candidate_next_token_accuracy": 1.0, "high_confidence_positions": 43, "high_confidence_top1_agreement": 1.0, "max_absolute_logit_difference": 10.734375}, "threshold_errors": []}
{"probe": "tools.b1.p255.q6", "metrics": {"positions": 48, "mean_kl_reference_to_candidate": 0.2481699436903, "p95_kl": 0.187327042222023, "max_kl": 10.780012130737305, "reference_nll": 0.1339034140110016, "candidate_nll": 0.034801583737134933, "nll_increase": -0.09910181909799576, "reference_perplexity": 1.143282389251448, "candidate_perplexity": 1.0354142453915687, "top1_agreement": 0.9791666865348816, "reference_next_token_accuracy": 0.9791666865348816, "candidate_next_token_accuracy": 1.0, "high_confidence_positions": 43, "high_confidence_top1_agreement": 1.0, "max_absolute_logit_difference": 11.65625}, "threshold_errors": []}
{"probe": "tools.b1.p1023.q1", "metrics": {"positions": 48, "mean_kl_reference_to_candidate": 0.17424388229846954, "p95_kl": 1.2459150552749634, "max_kl": 2.8521456718444824, "reference_nll": 0.3621790111064911, "candidate_nll": 0.6331162452697754, "nll_increase": 0.2709372937679291, "reference_perplexity": 1.4364560605349472, "candidate_perplexity": 1.883470800551513, "top1_agreement": 0.9375, "reference_next_token_accuracy": 0.9166666865348816, "candidate_next_token_accuracy": 0.8958333134651184, "high_confidence_positions": 43, "high_confidence_top1_agreement": 0.9767441749572754, "max_absolute_logit_difference": 10.23828125}, "threshold_errors": []}
{"probe": "tools.b1.p1023.q6", "metrics": {"positions": 48, "mean_kl_reference_to_candidate": 0.1585351675748825, "p95_kl": 0.7884422540664673, "max_kl": 2.758342981338501, "reference_nll": 0.3621790111064911, "candidate_nll": 0.6168718338012695, "nll_increase": 0.2546928822994232, "reference_perplexity": 1.4364560605349472, "candidate_perplexity": 1.8531220917029338, "top1_agreement": 0.9791666865348816, "reference_next_token_accuracy": 0.9166666865348816, "candidate_next_token_accuracy": 0.9166666865348816, "high_confidence_positions": 43, "high_confidence_top1_agreement": 1.0, "max_absolute_logit_difference": 9.76953125}, "threshold_errors": []}
{"probe": "multilingual.b1.p255.q1", "metrics": {"positions": 48, "mean_kl_reference_to_candidate": 0.013882803730666637, "p95_kl": 0.018091069534420967, "max_kl": 0.5818655490875244, "reference_nll": 0.06674741953611374, "candidate_nll": 0.06016702577471733, "nll_increase": -0.006580399814993143, "reference_perplexity": 1.0690254291326833, "candidate_perplexity": 1.0620139154293449, "top1_agreement": 1.0, "reference_next_token_accuracy": 0.9791666865348816, "candidate_next_token_accuracy": 0.9791666865348816, "high_confidence_positions": 47, "high_confidence_top1_agreement": 1.0, "max_absolute_logit_difference": 6.4501953125}, "threshold_errors": []}
{"probe": "multilingual.b1.p255.q6", "metrics": {"positions": 48, "mean_kl_reference_to_candidate": 0.003433656645938754, "p95_kl": 0.009756633080542088, "max_kl": 0.10602521151304245, "reference_nll": 0.06674741953611374, "candidate_nll": 0.06483256816864014, "nll_increase": -0.0019148568389937282, "reference_perplexity": 1.0690254291326833, "candidate_perplexity": 1.0669803629516106, "top1_agreement": 1.0, "reference_next_token_accuracy": 0.9791666865348816, "candidate_next_token_accuracy": 0.9791666865348816, "high_confidence_positions": 47, "high_confidence_top1_agreement": 1.0, "max_absolute_logit_difference": 6.5546875}, "threshold_errors": []}
{"probe": "multilingual.b1.p1023.q1", "metrics": {"positions": 48, "mean_kl_reference_to_candidate": 0.28349727392196655, "p95_kl": 0.889356791973114, "max_kl": 7.1301984786987305, "reference_nll": 0.4378293454647064, "candidate_nll": 0.37196287512779236, "nll_increase": -0.06586650013923645, "reference_perplexity": 1.54934048287741, "candidate_perplexity": 1.4505791277287676, "top1_agreement": 0.875, "reference_next_token_accuracy": 0.8541666865348816, "candidate_next_token_accuracy": 0.8541666865348816, "high_confidence_positions": 42, "high_confidence_top1_agreement": 0.9523809552192688, "max_absolute_logit_difference": 10.98876953125}, "threshold_errors": []}
{"probe": "multilingual.b1.p1023.q6", "metrics": {"positions": 48, "mean_kl_reference_to_candidate": 0.4173615276813507, "p95_kl": 1.8348520994186401, "max_kl": 11.049311637878418, "reference_nll": 0.4378293454647064, "candidate_nll": 0.25579166412353516, "nll_increase": -0.18203769624233246, "reference_perplexity": 1.54934048287741, "candidate_perplexity": 1.291483637534519, "top1_agreement": 0.8541666865348816, "reference_next_token_accuracy": 0.8541666865348816, "candidate_next_token_accuracy": 0.8958333134651184, "high_confidence_positions": 42, "high_confidence_top1_agreement": 0.976190447807312, "max_absolute_logit_difference": 11.8984375}, "threshold_errors": []}
{"output": "results/quality-baseline-415.json", "cases": 12, "threshold_checks_configured": false, "threshold_checks_passed": true}
