 !! Overriding mtp.hyper_connection_mixer.hc_norm.weight from /home/cruzspark/models/flashnext-exl3-sage-4.15bpw/model-00009-of-00009.safetensors with /home/cruzspark/models/flashnext-exl3-sage-4.15bpw/mtp_hyper_connection_mixer_patch.safetensors
 !! Overriding mtp.hyper_connection_mixer.input_mix_weight_down.weight from /home/cruzspark/models/flashnext-exl3-sage-4.15bpw/model-00009-of-00009.safetensors with /home/cruzspark/models/flashnext-exl3-sage-4.15bpw/mtp_hyper_connection_mixer_patch.safetensors
 !! Overriding mtp.hyper_connection_mixer.input_mix_weight_up.weight from /home/cruzspark/models/flashnext-exl3-sage-4.15bpw/model-00009-of-00009.safetensors with /home/cruzspark/models/flashnext-exl3-sage-4.15bpw/mtp_hyper_connection_mixer_patch.safetensors
 !! Replaced 3 tensors from /home/cruzspark/models/flashnext-exl3-sage-4.15bpw
 -- Mixed-K experts in model.language_model.layers.0.mlp: dense per-expert path
 -- Mixed-K fused groups in model.language_model.layers.0.mlp: 10 groups, 491/512 experts fused
 -- Mixed-K UNIFIED kernel enabled in model.language_model.layers.0.mlp: 512 experts, K_up range [4,16]
 -- Mixed-K coop decode kernels in model.language_model.layers.0.mlp: plan 3, variants A [3] B [3]
 -- Mixed-K experts in model.language_model.layers.1.mlp: dense per-expert path
 -- Mixed-K fused groups in model.language_model.layers.1.mlp: 7 groups, 504/512 experts fused
 -- Mixed-K UNIFIED kernel enabled in model.language_model.layers.1.mlp: 512 experts, K_up range [4,16]
 -- Mixed-K coop decode kernels in model.language_model.layers.1.mlp: plan 3, variants A [3] B [3]
 -- Mixed-K experts in model.language_model.layers.2.mlp: dense per-expert path
 -- Mixed-K fused groups in model.language_model.layers.2.mlp: 7 groups, 511/512 experts fused
 -- Mixed-K UNIFIED kernel enabled in model.language_model.layers.2.mlp: 512 experts, K_up range [4,16]
 -- Mixed-K coop decode kernels in model.language_model.layers.2.mlp: plan 3, variants A [3] B [3]
 -- Mixed-K experts in model.language_model.layers.3.mlp: dense per-expert path
 -- Mixed-K fused groups in model.language_model.layers.3.mlp: 7 groups, 509/512 experts fused
 -- Mixed-K UNIFIED kernel enabled in model.language_model.layers.3.mlp: 512 experts, K_up range [4,14]
 -- Mixed-K coop decode kernels in model.language_model.layers.3.mlp: plan 3, variants A [3] B [3]
 -- Mixed-K experts in model.language_model.layers.4.mlp: dense per-expert path
 -- Mixed-K fused groups in model.language_model.layers.4.mlp: 7 groups, 493/512 experts fused
 -- Mixed-K UNIFIED kernel enabled in model.language_model.layers.4.mlp: 512 experts, K_up range [4,14]
 -- Mixed-K coop decode kernels in model.language_model.layers.4.mlp: plan 3, variants A [3] B [3]
 -- Mixed-K experts in model.language_model.layers.5.mlp: dense per-expert path
 -- Mixed-K fused groups in model.language_model.layers.5.mlp: 6 groups, 508/512 experts fused
 -- Mixed-K UNIFIED kernel enabled in model.language_model.layers.5.mlp: 512 experts, K_up range [4,16]
 -- Mixed-K coop decode kernels in model.language_model.layers.5.mlp: plan 3, variants A [3] B [3]
 -- Mixed-K experts in model.language_model.layers.6.mlp: dense per-expert path
 -- Mixed-K fused groups in model.language_model.layers.6.mlp: 4 groups, 503/512 experts fused
 -- Mixed-K UNIFIED kernel enabled in model.language_model.layers.6.mlp: 512 experts, K_up range [4,12]
 -- Mixed-K coop decode kernels in model.language_model.layers.6.mlp: plan 3, variants A [3] B [3]
 -- Mixed-K experts in model.language_model.layers.7.mlp: dense per-expert path
 -- Mixed-K fused groups in model.language_model.layers.7.mlp: 6 groups, 504/512 experts fused
 -- Mixed-K UNIFIED kernel enabled in model.language_model.layers.7.mlp: 512 experts, K_up range [4,14]
 -- Mixed-K coop decode kernels in model.language_model.layers.7.mlp: plan 3, variants A [3] B [3]
 -- Mixed-K experts in model.language_model.layers.8.mlp: dense per-expert path
 -- Mixed-K fused groups in model.language_model.layers.8.mlp: 6 groups, 509/512 experts fused
 -- Mixed-K UNIFIED kernel enabled in model.language_model.layers.8.mlp: 512 experts, K_up range [4,14]
 -- Mixed-K coop decode kernels in model.language_model.layers.8.mlp: plan 3, variants A [3] B [3]
 -- Mixed-K experts in model.language_model.layers.9.mlp: dense per-expert path
 -- Mixed-K fused groups in model.language_model.layers.9.mlp: 5 groups, 507/512 experts fused
 -- Mixed-K UNIFIED kernel enabled in model.language_model.layers.9.mlp: 512 experts, K_up range [4,16]
 -- Mixed-K coop decode kernels in model.language_model.layers.9.mlp: plan 3, variants A [3] B [3]
 -- Mixed-K experts in model.language_model.layers.10.mlp: dense per-expert path
 -- Mixed-K fused groups in model.language_model.layers.10.mlp: 5 groups, 510/512 experts fused
 -- Mixed-K UNIFIED kernel enabled in model.language_model.layers.10.mlp: 512 experts, K_up range [4,14]
 -- Mixed-K coop decode kernels in model.language_model.layers.10.mlp: plan 3, variants A [3] B [3]
 -- Mixed-K experts in model.language_model.layers.11.mlp: dense per-expert path
 -- Mixed-K fused groups in model.language_model.layers.11.mlp: 6 groups, 508/512 experts fused
 -- Mixed-K UNIFIED kernel enabled in model.language_model.layers.11.mlp: 512 experts, K_up range [4,16]
 -- Mixed-K coop decode kernels in model.language_model.layers.11.mlp: plan 3, variants A [3] B [3]
 -- Mixed-K experts in model.language_model.layers.12.mlp: dense per-expert path
 -- Mixed-K fused groups in model.language_model.layers.12.mlp: 7 groups, 512/512 experts fused
 -- Mixed-K UNIFIED kernel enabled in model.language_model.layers.12.mlp: 512 experts, K_up range [4,14]
 -- Mixed-K coop decode kernels in model.language_model.layers.12.mlp: plan 3, variants A [3] B [3]
 -- Mixed-K experts in model.language_model.layers.13.mlp: dense per-expert path
 -- Mixed-K fused groups in model.language_model.layers.13.mlp: 6 groups, 511/512 experts fused
 -- Mixed-K UNIFIED kernel enabled in model.language_model.layers.13.mlp: 512 experts, K_up range [4,14]
 -- Mixed-K coop decode kernels in model.language_model.layers.13.mlp: plan 3, variants A [3] B [3]
 -- Mixed-K experts in model.language_model.layers.14.mlp: dense per-expert path
 -- Mixed-K fused groups in model.language_model.layers.14.mlp: 5 groups, 507/512 experts fused
 -- Mixed-K UNIFIED kernel enabled in model.language_model.layers.14.mlp: 512 experts, K_up range [4,12]
 -- Mixed-K coop decode kernels in model.language_model.layers.14.mlp: plan 3, variants A [3] B [3]
 -- Mixed-K experts in model.language_model.layers.15.mlp: dense per-expert path
 -- Mixed-K fused groups in model.language_model.layers.15.mlp: 5 groups, 507/512 experts fused
 -- Mixed-K UNIFIED kernel enabled in model.language_model.layers.15.mlp: 512 experts, K_up range [4,4]
 -- Mixed-K coop decode kernels in model.language_model.layers.15.mlp: plan 3, variants A [3] B [3]
 -- Mixed-K experts in model.language_model.layers.16.mlp: dense per-expert path
 -- Mixed-K fused groups in model.language_model.layers.16.mlp: 4 groups, 504/512 experts fused
 -- Mixed-K UNIFIED kernel enabled in model.language_model.layers.16.mlp: 512 experts, K_up range [4,10]
 -- Mixed-K coop decode kernels in model.language_model.layers.16.mlp: plan 3, variants A [3] B [3]
 -- Mixed-K experts in model.language_model.layers.17.mlp: dense per-expert path
 -- Mixed-K fused groups in model.language_model.layers.17.mlp: 4 groups, 508/512 experts fused
 -- Mixed-K UNIFIED kernel enabled in model.language_model.layers.17.mlp: 512 experts, K_up range [4,12]
 -- Mixed-K coop decode kernels in model.language_model.layers.17.mlp: plan 3, variants A [3] B [3]
 -- Mixed-K experts in model.language_model.layers.18.mlp: dense per-expert path
 -- Mixed-K fused groups in model.language_model.layers.18.mlp: 5 groups, 501/512 experts fused
 -- Mixed-K UNIFIED kernel enabled in model.language_model.layers.18.mlp: 512 experts, K_up range [4,12]
 -- Mixed-K coop decode kernels in model.language_model.layers.18.mlp: plan 3, variants A [3] B [3]
 -- Mixed-K experts in model.language_model.layers.19.mlp: dense per-expert path
 -- Mixed-K fused groups in model.language_model.layers.19.mlp: 5 groups, 508/512 experts fused
 -- Mixed-K UNIFIED kernel enabled in model.language_model.layers.19.mlp: 512 experts, K_up range [4,10]
 -- Mixed-K coop decode kernels in model.language_model.layers.19.mlp: plan 3, variants A [3] B [3]
 -- Mixed-K experts in model.language_model.layers.20.mlp: dense per-expert path
 -- Mixed-K fused groups in model.language_model.layers.20.mlp: 6 groups, 507/512 experts fused
 -- Mixed-K UNIFIED kernel enabled in model.language_model.layers.20.mlp: 512 experts, K_up range [4,6]
 -- Mixed-K coop decode kernels in model.language_model.layers.20.mlp: plan 3, variants A [3] B [3]
 -- Mixed-K experts in model.language_model.layers.21.mlp: dense per-expert path
 -- Mixed-K fused groups in model.language_model.layers.21.mlp: 7 groups, 508/512 experts fused
 -- Mixed-K UNIFIED kernel enabled in model.language_model.layers.21.mlp: 512 experts, K_up range [4,6]
 -- Mixed-K coop decode kernels in model.language_model.layers.21.mlp: plan 3, variants A [3] B [3]
 -- Mixed-K experts in model.language_model.layers.22.mlp: dense per-expert path
 -- Mixed-K fused groups in model.language_model.layers.22.mlp: 4 groups, 508/512 experts fused
 -- Mixed-K UNIFIED kernel enabled in model.language_model.layers.22.mlp: 512 experts, K_up range [4,4]
 -- Mixed-K coop decode kernels in model.language_model.layers.22.mlp: plan 3, variants A [3] B [3]
 -- Mixed-K experts in model.language_model.layers.23.mlp: dense per-expert path
 -- Mixed-K fused groups in model.language_model.layers.23.mlp: 5 groups, 509/512 experts fused
 -- Mixed-K UNIFIED kernel enabled in model.language_model.layers.23.mlp: 512 experts, K_up range [4,4]
 -- Mixed-K coop decode kernels in model.language_model.layers.23.mlp: plan 3, variants A [3] B [3]
 -- Mixed-K experts in model.language_model.layers.24.mlp: dense per-expert path
 -- Mixed-K fused groups in model.language_model.layers.24.mlp: 3 groups, 504/512 experts fused
 -- Mixed-K UNIFIED kernel enabled in model.language_model.layers.24.mlp: 512 experts, K_up range [4,10]
 -- Mixed-K coop decode kernels in model.language_model.layers.24.mlp: plan 3, variants A [3] B [3]
 -- Mixed-K experts in model.language_model.layers.25.mlp: dense per-expert path
 -- Mixed-K fused groups in model.language_model.layers.25.mlp: 4 groups, 504/512 experts fused
 -- Mixed-K UNIFIED kernel enabled in model.language_model.layers.25.mlp: 512 experts, K_up range [4,10]
 -- Mixed-K coop decode kernels in model.language_model.layers.25.mlp: plan 3, variants A [3] B [3]
 -- Mixed-K experts in model.language_model.layers.26.mlp: dense per-expert path
 -- Mixed-K fused groups in model.language_model.layers.26.mlp: 5 groups, 502/512 experts fused
 -- Mixed-K UNIFIED kernel enabled in model.language_model.layers.26.mlp: 512 experts, K_up range [4,12]
 -- Mixed-K coop decode kernels in model.language_model.layers.26.mlp: plan 3, variants A [3] B [3]
 -- Mixed-K experts in model.language_model.layers.27.mlp: dense per-expert path
 -- Mixed-K fused groups in model.language_model.layers.27.mlp: 6 groups, 509/512 experts fused
 -- Mixed-K UNIFIED kernel enabled in model.language_model.layers.27.mlp: 512 experts, K_up range [4,10]
 -- Mixed-K coop decode kernels in model.language_model.layers.27.mlp: plan 3, variants A [3] B [3]
 -- Mixed-K experts in model.language_model.layers.28.mlp: dense per-expert path
 -- Mixed-K fused groups in model.language_model.layers.28.mlp: 3 groups, 498/512 experts fused
 -- Mixed-K UNIFIED kernel enabled in model.language_model.layers.28.mlp: 512 experts, K_up range [4,10]
 -- Mixed-K coop decode kernels in model.language_model.layers.28.mlp: plan 3, variants A [3] B [3]
 -- Mixed-K experts in model.language_model.layers.29.mlp: dense per-expert path
 -- Mixed-K fused groups in model.language_model.layers.29.mlp: 3 groups, 500/512 experts fused
 -- Mixed-K UNIFIED kernel enabled in model.language_model.layers.29.mlp: 512 experts, K_up range [4,8]
 -- Mixed-K coop decode kernels in model.language_model.layers.29.mlp: plan 3, variants A [3] B [3]
 -- Mixed-K experts in model.language_model.layers.30.mlp: dense per-expert path
 -- Mixed-K fused groups in model.language_model.layers.30.mlp: 7 groups, 509/512 experts fused
 -- Mixed-K UNIFIED kernel enabled in model.language_model.layers.30.mlp: 512 experts, K_up range [4,6]
 -- Mixed-K coop decode kernels in model.language_model.layers.30.mlp: plan 3, variants A [3] B [3]
 -- Mixed-K experts in model.language_model.layers.31.mlp: dense per-expert path
 -- Mixed-K fused groups in model.language_model.layers.31.mlp: 7 groups, 512/512 experts fused
 -- Mixed-K UNIFIED kernel enabled in model.language_model.layers.31.mlp: 512 experts, K_up range [4,4]
 -- Mixed-K coop decode kernels in model.language_model.layers.31.mlp: plan 3, variants A [3] B [3]
 -- Mixed-K experts in model.language_model.layers.32.mlp: dense per-expert path
 -- Mixed-K fused groups in model.language_model.layers.32.mlp: 7 groups, 512/512 experts fused
 -- Mixed-K UNIFIED kernel enabled in model.language_model.layers.32.mlp: 512 experts, K_up range [4,4]
 -- Mixed-K coop decode kernels in model.language_model.layers.32.mlp: plan 3, variants A [3] B [3]
 -- Mixed-K experts in model.language_model.layers.33.mlp: dense per-expert path
 -- Mixed-K fused groups in model.language_model.layers.33.mlp: 7 groups, 512/512 experts fused
 -- Mixed-K UNIFIED kernel enabled in model.language_model.layers.33.mlp: 512 experts, K_up range [4,4]
 -- Mixed-K coop decode kernels in model.language_model.layers.33.mlp: plan 3, variants A [3] B [3]
 -- Mixed-K experts in model.language_model.layers.34.mlp: dense per-expert path
 -- Mixed-K fused groups in model.language_model.layers.34.mlp: 7 groups, 511/512 experts fused
 -- Mixed-K UNIFIED kernel enabled in model.language_model.layers.34.mlp: 512 experts, K_up range [4,6]
 -- Mixed-K coop decode kernels in model.language_model.layers.34.mlp: plan 3, variants A [3] B [3]
 -- Mixed-K experts in model.language_model.layers.35.mlp: dense per-expert path
 -- Mixed-K fused groups in model.language_model.layers.35.mlp: 7 groups, 512/512 experts fused
 -- Mixed-K UNIFIED kernel enabled in model.language_model.layers.35.mlp: 512 experts, K_up range [4,4]
 -- Mixed-K coop decode kernels in model.language_model.layers.35.mlp: plan 3, variants A [3] B [3]
 -- Mixed-K experts in model.language_model.layers.36.mlp: dense per-expert path
 -- Mixed-K fused groups in model.language_model.layers.36.mlp: 5 groups, 507/512 experts fused
 -- Mixed-K UNIFIED kernel enabled in model.language_model.layers.36.mlp: 512 experts, K_up range [4,4]
 -- Mixed-K coop decode kernels in model.language_model.layers.36.mlp: plan 3, variants A [3] B [3]
 -- Mixed-K experts in model.language_model.layers.37.mlp: dense per-expert path
 -- Mixed-K fused groups in model.language_model.layers.37.mlp: 7 groups, 512/512 experts fused
 -- Mixed-K UNIFIED kernel enabled in model.language_model.layers.37.mlp: 512 experts, K_up range [4,4]
 -- Mixed-K coop decode kernels in model.language_model.layers.37.mlp: plan 3, variants A [3] B [3]
 -- Mixed-K experts in model.language_model.layers.38.mlp: dense per-expert path
 -- Mixed-K fused groups in model.language_model.layers.38.mlp: 7 groups, 512/512 experts fused
 -- Mixed-K UNIFIED kernel enabled in model.language_model.layers.38.mlp: 512 experts, K_up range [4,4]
 -- Mixed-K coop decode kernels in model.language_model.layers.38.mlp: plan 3, variants A [3] B [3]
 -- Mixed-K experts in model.language_model.layers.39.mlp: dense per-expert path
 -- Mixed-K fused groups in model.language_model.layers.39.mlp: 3 groups, 509/512 experts fused
 -- Mixed-K UNIFIED kernel enabled in model.language_model.layers.39.mlp: 512 experts, K_up range [4,4]
 -- Mixed-K coop decode kernels in model.language_model.layers.39.mlp: plan 3, variants A [3] B [3]
 -- Mixed-K experts in model.language_model.layers.40.mlp: dense per-expert path
 -- Mixed-K fused groups in model.language_model.layers.40.mlp: 5 groups, 507/512 experts fused
 -- Mixed-K UNIFIED kernel enabled in model.language_model.layers.40.mlp: 512 experts, K_up range [4,4]
 -- Mixed-K coop decode kernels in model.language_model.layers.40.mlp: plan 3, variants A [3] B [3]
 -- Mixed-K experts in model.language_model.layers.41.mlp: dense per-expert path
 -- Mixed-K fused groups in model.language_model.layers.41.mlp: 5 groups, 508/512 experts fused
 -- Mixed-K UNIFIED kernel enabled in model.language_model.layers.41.mlp: 512 experts, K_up range [4,4]
 -- Mixed-K coop decode kernels in model.language_model.layers.41.mlp: plan 3, variants A [3] B [3]
 -- Mixed-K experts in model.language_model.layers.42.mlp: dense per-expert path
 -- Mixed-K fused groups in model.language_model.layers.42.mlp: 4 groups, 509/512 experts fused
 -- Mixed-K UNIFIED kernel enabled in model.language_model.layers.42.mlp: 512 experts, K_up range [4,4]
 -- Mixed-K coop decode kernels in model.language_model.layers.42.mlp: plan 3, variants A [3] B [3]
 -- Mixed-K experts in model.language_model.layers.43.mlp: dense per-expert path
 -- Mixed-K fused groups in model.language_model.layers.43.mlp: 7 groups, 512/512 experts fused
 -- Mixed-K UNIFIED kernel enabled in model.language_model.layers.43.mlp: 512 experts, K_up range [4,4]
 -- Mixed-K coop decode kernels in model.language_model.layers.43.mlp: plan 3, variants A [3] B [3]
 -- Mixed-K experts in model.language_model.layers.44.mlp: dense per-expert path
 -- Mixed-K fused groups in model.language_model.layers.44.mlp: 3 groups, 510/512 experts fused
 -- Mixed-K UNIFIED kernel enabled in model.language_model.layers.44.mlp: 512 experts, K_up range [4,4]
 -- Mixed-K coop decode kernels in model.language_model.layers.44.mlp: plan 3, variants A [3] B [3]
 -- Mixed-K experts in model.language_model.layers.45.mlp: dense per-expert path
 -- Mixed-K fused groups in model.language_model.layers.45.mlp: 3 groups, 511/512 experts fused
 -- Mixed-K UNIFIED kernel enabled in model.language_model.layers.45.mlp: 512 experts, K_up range [4,4]
 -- Mixed-K coop decode kernels in model.language_model.layers.45.mlp: plan 3, variants A [3] B [3]
 -- Mixed-K experts in model.language_model.layers.46.mlp: dense per-expert path
 -- Mixed-K fused groups in model.language_model.layers.46.mlp: 3 groups, 512/512 experts fused
 -- Mixed-K UNIFIED kernel enabled in model.language_model.layers.46.mlp: 512 experts, K_up range [4,4]
 -- Mixed-K coop decode kernels in model.language_model.layers.46.mlp: plan 3, variants A [3] B [3]
 -- Mixed-K experts in model.language_model.layers.47.mlp: dense per-expert path
 -- Mixed-K fused groups in model.language_model.layers.47.mlp: 1 groups, 510/512 experts fused
 -- Mixed-K UNIFIED kernel enabled in model.language_model.layers.47.mlp: 512 experts, K_up range [4,4]
 -- Mixed-K coop decode kernels in model.language_model.layers.47.mlp: plan 3, variants A [3] B [3]

{"probe": "code.b1.p255.q1", "metrics": {"positions": 48, "mean_kl_reference_to_candidate": 0.003484972519800067, "p95_kl": 0.002286791568621993, "max_kl": 0.1520196795463562, "reference_nll": 0.03463007137179375, "candidate_nll": 0.04895675554871559, "nll_increase": 0.01432668138295412, "reference_perplexity": 1.0352366742734902, "candidate_perplexity": 1.0501749355192178, "top1_agreement": 1.0, "reference_next_token_accuracy": 0.9791666865348816, "candidate_next_token_accuracy": 0.9791666865348816, "high_confidence_positions": 47, "high_confidence_top1_agreement": 1.0, "max_absolute_logit_difference": 3.09375}, "threshold_errors": []}
{"probe": "code.b1.p255.q6", "metrics": {"positions": 48, "mean_kl_reference_to_candidate": 0.001908787526190281, "p95_kl": 0.0023336668964475393, "max_kl": 0.07588402181863785, "reference_nll": 0.03463007137179375, "candidate_nll": 0.04304729402065277, "nll_increase": 0.008417224511504173, "reference_perplexity": 1.0352366742734902, "candidate_perplexity": 1.043987268038491, "top1_agreement": 1.0, "reference_next_token_accuracy": 0.9791666865348816, "candidate_next_token_accuracy": 0.9791666865348816, "high_confidence_positions": 47, "high_confidence_top1_agreement": 1.0, "max_absolute_logit_difference": 2.73828125}, "threshold_errors": []}
{"probe": "code.b1.p1023.q1", "metrics": {"positions": 48, "mean_kl_reference_to_candidate": 0.046536657959222794, "p95_kl": 0.18201136589050293, "max_kl": 1.2843297719955444, "reference_nll": 0.07253851741552353, "candidate_nll": 0.10999541729688644, "nll_increase": 0.03745690733194351, "reference_perplexity": 1.0752342205358187, "candidate_perplexity": 1.1162729548996038, "top1_agreement": 0.9375, "reference_next_token_accuracy": 0.9791666865348816, "candidate_next_token_accuracy": 0.9583333134651184, "high_confidence_positions": 44, "high_confidence_top1_agreement": 1.0, "max_absolute_logit_difference": 7.435546875}, "threshold_errors": []}
{"probe": "code.b1.p1023.q6", "metrics": {"positions": 48, "mean_kl_reference_to_candidate": 0.049527883529663086, "p95_kl": 0.1438068449497223, "max_kl": 1.2927639484405518, "reference_nll": 0.07253851741552353, "candidate_nll": 0.07507311552762985, "nll_increase": 0.002534604398533702, "reference_perplexity": 1.0752342205358187, "candidate_perplexity": 1.0779629638342374, "top1_agreement": 0.9583333134651184, "reference_next_token_accuracy": 0.9791666865348816, "candidate_next_token_accuracy": 0.9791666865348816, "high_confidence_positions": 44, "high_confidence_top1_agreement": 1.0, "max_absolute_logit_difference": 6.783203125}, "threshold_errors": []}
{"probe": "tools.b1.p255.q1", "metrics": {"positions": 48, "mean_kl_reference_to_candidate": 0.016062475740909576, "p95_kl": 0.0727623924612999, "max_kl": 0.3840290307998657, "reference_nll": 0.12885792553424835, "candidate_nll": 0.12770402431488037, "nll_increase": -0.001153902499936521, "reference_perplexity": 1.1375284989308312, "candidate_perplexity": 1.1362166604204356, "top1_agreement": 0.9791666865348816, "reference_next_token_accuracy": 0.9791666865348816, "candidate_next_token_accuracy": 0.9583333134651184, "high_confidence_positions": 43, "high_confidence_top1_agreement": 1.0, "max_absolute_logit_difference": 5.7861328125}, "threshold_errors": []}
{"probe": "tools.b1.p255.q6", "metrics": {"positions": 48, "mean_kl_reference_to_candidate": 0.028335755690932274, "p95_kl": 0.09447942674160004, "max_kl": 0.5979331135749817, "reference_nll": 0.12885792553424835, "candidate_nll": 0.17922677099704742, "nll_increase": 0.05036884918808937, "reference_perplexity": 1.1375284989308312, "candidate_perplexity": 1.196291997739587, "top1_agreement": 1.0, "reference_next_token_accuracy": 0.9791666865348816, "candidate_next_token_accuracy": 0.9791666865348816, "high_confidence_positions": 43, "high_confidence_top1_agreement": 1.0, "max_absolute_logit_difference": 5.8876953125}, "threshold_errors": []}
{"probe": "tools.b1.p1023.q1", "metrics": {"positions": 48, "mean_kl_reference_to_candidate": 0.17948265373706818, "p95_kl": 1.1310157775878906, "max_kl": 1.6970267295837402, "reference_nll": 0.602598249912262, "candidate_nll": 0.5203695297241211, "nll_increase": -0.08222877234220505, "reference_perplexity": 1.8268592762073181, "candidate_perplexity": 1.682649323768693, "top1_agreement": 0.9166666865348816, "reference_next_token_accuracy": 0.8958333134651184, "candidate_next_token_accuracy": 0.9166666865348816, "high_confidence_positions": 40, "high_confidence_top1_agreement": 1.0, "max_absolute_logit_difference": 9.39453125}, "threshold_errors": []}
{"probe": "tools.b1.p1023.q6", "metrics": {"positions": 48, "mean_kl_reference_to_candidate": 0.16873355209827423, "p95_kl": 0.8438124656677246, "max_kl": 3.196566343307495, "reference_nll": 0.602598249912262, "candidate_nll": 0.5301886796951294, "nll_increase": -0.07240962982177734, "reference_perplexity": 1.8268592762073181, "candidate_perplexity": 1.6992528928915067, "top1_agreement": 0.9166666865348816, "reference_next_token_accuracy": 0.8958333134651184, "candidate_next_token_accuracy": 0.9166666865348816, "high_confidence_positions": 40, "high_confidence_top1_agreement": 1.0, "max_absolute_logit_difference": 10.38330078125}, "threshold_errors": []}
{"probe": "multilingual.b1.p255.q1", "metrics": {"positions": 48, "mean_kl_reference_to_candidate": 0.004928193520754576, "p95_kl": 0.015347828157246113, "max_kl": 0.1519484519958496, "reference_nll": 0.06323602050542831, "candidate_nll": 0.05229659751057625, "nll_increase": -0.010939412750303745, "reference_perplexity": 1.0652782370705511, "candidate_perplexity": 1.0536882174736526, "top1_agreement": 1.0, "reference_next_token_accuracy": 0.9791666865348816, "candidate_next_token_accuracy": 0.9791666865348816, "high_confidence_positions": 47, "high_confidence_top1_agreement": 1.0, "max_absolute_logit_difference": 6.859130859375}, "threshold_errors": []}
{"probe": "multilingual.b1.p255.q6", "metrics": {"positions": 48, "mean_kl_reference_to_candidate": 0.006518215406686068, "p95_kl": 0.02561548352241516, "max_kl": 0.13737653195858002, "reference_nll": 0.06323602050542831, "candidate_nll": 0.07118780165910721, "nll_increase": 0.007951791398227215, "reference_perplexity": 1.0652782370705511, "candidate_perplexity": 1.0737828651372638, "top1_agreement": 1.0, "reference_next_token_accuracy": 0.9791666865348816, "candidate_next_token_accuracy": 0.9791666865348816, "high_confidence_positions": 47, "high_confidence_top1_agreement": 1.0, "max_absolute_logit_difference": 7.1083984375}, "threshold_errors": []}
{"probe": "multilingual.b1.p1023.q1", "metrics": {"positions": 48, "mean_kl_reference_to_candidate": 0.21408802270889282, "p95_kl": 0.6396915316581726, "max_kl": 5.442632675170898, "reference_nll": 0.39940938353538513, "candidate_nll": 0.40084055066108704, "nll_increase": 0.0014311993727460504, "reference_perplexity": 1.4909438615562765, "candidate_perplexity": 1.493079179030819, "top1_agreement": 0.9375, "reference_next_token_accuracy": 0.8958333134651184, "candidate_next_token_accuracy": 0.8958333134651184, "high_confidence_positions": 42, "high_confidence_top1_agreement": 0.976190447807312, "max_absolute_logit_difference": 10.2919921875}, "threshold_errors": []}
{"probe": "multilingual.b1.p1023.q6", "metrics": {"positions": 48, "mean_kl_reference_to_candidate": 0.11109486222267151, "p95_kl": 0.7695287466049194, "max_kl": 1.9685590267181396, "reference_nll": 0.39940938353538513, "candidate_nll": 0.42552998661994934, "nll_increase": 0.026120653375983238, "reference_perplexity": 1.4909438615562765, "candidate_perplexity": 1.5304012969778862, "top1_agreement": 0.9791666865348816, "reference_next_token_accuracy": 0.8958333134651184, "candidate_next_token_accuracy": 0.8958333134651184, "high_confidence_positions": 42, "high_confidence_top1_agreement": 1.0, "max_absolute_logit_difference": 9.6796875}, "threshold_errors": []}
{"output": "results/quality-candidate-415-gr-fp16.json", "cases": 12, "threshold_checks_configured": false, "threshold_checks_passed": true}
