test_bad_setup_records_failure_without_any_subprocess_or_api (__main__.ControllerTests) ... ValueError: Root setup must already have state=completed; no waiting/retry
ok
test_bench_requires_three_complete_suites (__main__.ControllerTests) ... ok
test_critical_source_and_cleanup_gates_are_identical_to_frozen_f4_parent (__main__.ControllerTests) ... ok
test_deployment_checks_model_config_bits_and_tuning (__main__.ControllerTests) ... ok
test_exact_ref_environment_resolves_identically_for_verification (__main__.ControllerTests) ... ok
test_exact_six_traces_must_match_the_original_api_response_ids (__main__.ControllerTests) ... ok
test_existing_output_refused_before_any_subprocess_or_api (__main__.ControllerTests) ... ok
test_expected_all_pass_counts (__main__.ControllerTests) ... ok
test_frozen_helper_validates_before_import (__main__.ControllerTests) ... ok
test_incomplete_duplicate_wrong_mode_and_nonzero_exit_fail (__main__.ControllerTests) ... ok
test_missing_extra_incomplete_or_wrong_provenance_trace_cannot_pass (__main__.ControllerTests) ... ok
test_observer_config_is_exact_and_uses_a_six_record_cap (__main__.ControllerTests) ... ok
test_observer_flags_are_passed_to_server_only (__main__.ControllerTests) ... ok
test_optional_bench_is_rejected_for_bounded_observer_run (__main__.ControllerTests) ... ok
test_owned_cpu_process_cleanup_and_wrong_token_refusal (__main__.ControllerTests) ... ok
test_resilience_fail_and_preflight_only_cannot_pass (__main__.ControllerTests) ... ok
test_sdk_skip_and_summary_lie_cannot_pass (__main__.ControllerTests) ... ok
test_setup_requires_completed_and_exact_optional_refs (__main__.ControllerTests) ... ok
test_three_clients_are_serial_order_and_unchanged_packaged_auto (__main__.ControllerTests) ... ok
test_unexpected_server_exit_is_not_successful_shutdown (__main__.ControllerTests) ... ok

----------------------------------------------------------------------
Ran 20 tests in 0.140s

OK
